[DEBUG LAB4]: 	INT	int
[DEBUG LAB4]: 	MAIN	main
[DEBUG LAB4]: 	LPAREN	(
[DEBUG LAB4]: 	RPAREN	)
[DEBUG LAB4]: 	LBRACE	{
[DEBUG LAB4]: 	行注释://进制部分测试
[DEBUG LAB4]: 	INT	int
[DEBUG LAB4]: 	ID:	BIN
[DEBUG LAB4]: 	ASSIGN	=
[DEBUG LAB4]: 	DECIMIAL:	65536
[DEBUG LAB4]: 	SEMICOLON	;
[DEBUG LAB4]: 	INT	int
[DEBUG LAB4]: 	ID:	OCT
[DEBUG LAB4]: 	ASSIGN	=
[DEBUG LAB4]: 	OCTONARY:	65535
[DEBUG LAB4]: 	SEMICOLON	;
[DEBUG LAB4]: 	INT	int
[DEBUG LAB4]: 	ID:	Hex
[DEBUG LAB4]: 	ASSIGN	=
[DEBUG LAB4]: 	HEXADECIMAL:	65535
[DEBUG LAB4]: 	SEMICOLON	;
[DEBUG LAB4]: 	RETURN	return
[DEBUG LAB4]: 	DECIMIAL:	0
[DEBUG LAB4]: 	SEMICOLON	;
[DEBUG LAB4]: 	RBRACE	}
